---
source: src/tx/stored.rs
assertion_line: 74
expression: "&raw"
---
[
    123,
    0,
    0,
    0,
    200,
    1,
    0,
    0,
    0,
    0,
    0,
    0,
    0,
    0,
    4,
    0,
    0,
    0,
    0,
    0,
    168,
    104,
    120,
    0,
    0,
    0,
    0,
    0,
    0,
    0,
    0,
    0,
]
