---
source: src/tests.rs
assertion_line: 13
expression: historic_run(path)
input_file: src/test-data/historic-runs/resolve.csv
---
client,available,held,total,locked
1,2.0,0.0,2.0,false

