---
source: src/tests.rs
assertion_line: 13
expression: historic_run(path)
input_file: src/test-data/historic-runs/dispute.csv
---
client,available,held,total,locked
1,1.0,2.0,3.0,false

